#-----------------------------------------------------------
# Vivado v2016.4 (64-bit)
# SW Build 1756540 on Mon Jan 23 19:11:19 MST 2017
# IP Build 1755317 on Mon Jan 23 20:30:07 MST 2017
# Start of session at: Sun Mar 18 11:18:09 2018
# Process ID: 6971
# Current directory: /media/ad/Area51/workspace/assignments/col216/assignments/arm_processor/project_vivado
# Command line: vivado
# Log file: /media/ad/Area51/workspace/assignments/col216/assignments/arm_processor/project_vivado/vivado.log
# Journal file: /media/ad/Area51/workspace/assignments/col216/assignments/arm_processor/project_vivado/vivado.jou
#-----------------------------------------------------------
start_gui
open_project /media/ad/Area51/workspace/assignments/col216/assignments/arm_processor/project_vivado/lab4_vivado.xpr
launch_simulation
remove_files  /media/ad/Area51/workspace/assignments/col216/assignments/arm_processor/data_path.vhd
add_files -norecurse /media/ad/Area51/workspace/assignments/col216/assignments/arm_processor/data_path.vhd
launch_simulation
